
=================================== ERRORS ====================================
________ ERROR collecting tests/unit/features/test_work_item_system.py ________
.venv\Lib\site-packages\_pytest\python.py:507: in importtestmodule
    mod = import_path(
.venv\Lib\site-packages\_pytest\pathlib.py:587: in import_path
    importlib.import_module(module_name)
C:\Users\sanal\AppData\Roaming\uv\python\cpython-3.12-windows-x86_64-none\Lib\importlib\__init__.py:90: in import_module
    return _bootstrap._gcd_import(name[level:], package, level)
           ^^^^^^^^^^^^^^^^^^^^^^^^^^^^^^^^^^^^^^^^^^^^^^^^^^^^
<frozen importlib._bootstrap>:1387: in _gcd_import
    ???
<frozen importlib._bootstrap>:1360: in _find_and_load
    ???
<frozen importlib._bootstrap>:1331: in _find_and_load_unlocked
    ???
<frozen importlib._bootstrap>:935: in _load_unlocked
    ???
.venv\Lib\site-packages\_pytest\assertion\rewrite.py:197: in exec_module
    exec(co, module.__dict__)
tests\unit\features\test_work_item_system.py:10: in <module>
    from docuflow.features.work_items.system import WorkItemFilters, WorkItemSystem
src\docuflow\features\work_items\__init__.py:19: in <module>
    from .view import WorkItemCard, WorkItemsView
src\docuflow\features\work_items\view.py:20: in <module>
    from docuflow.lib.base_widget import BaseDocuWidget
E     File "D:\github\DocuFlow-\src\docuflow\lib\base_widget.py", line 5
E       from nicegui import ui\nfrom docuflow.lib.widgets.ui_utils import NotifyHelper
E                              ^
E   SyntaxError: unexpected character after line continuation character
=========================== short test summary info ===========================
ERROR tests/unit/features/test_work_item_system.py
!!!!!!!!!!!!!!!!!!! Interrupted: 1 error during collection !!!!!!!!!!!!!!!!!!!!
1 error in 1.63s
